        Wrap_pre        0   0.000000E+00   1.000000E+00   0.000000E+00   1.000000E+00   0.000000E+00   0.000000E+00
        Wrap_pre        1   0.000000E+00   1.000000E+00   0.000000E+00   1.000000E+00   0.000000E+00   0.000000E+00
        Wrap_pre        2   0.000000E+00   1.000000E+00   0.000000E+00   1.000000E+00   0.000000E+00   0.000000E+00
        Wrap_pre        3   0.000000E+00   1.000000E+00   0.000000E+00   1.000000E+00   0.000000E+00   0.000000E+00
        Wrap_pre        4   0.000000E+00   1.000000E+00   0.000000E+00   1.000000E+00   0.000000E+00   0.000000E+00
        Wrap_pre        5   0.000000E+00   1.000000E+00   0.000000E+00   1.000000E+00   0.000000E+00   0.000000E+00
        Wrap_pre        6   0.000000E+00   1.000000E+00   0.000000E+00   1.000000E+00   0.000000E+00   0.000000E+00
        Wrap_pre        7   0.000000E+00   1.000000E+00   0.000000E+00   1.000000E+00   0.000000E+00   0.000000E+00
        Wrap_pre        8   0.000000E+00   1.000000E+00   0.000000E+00   1.000000E+00   0.000000E+00   0.000000E+00
        Wrap_pre        9   0.000000E+00   1.000000E+00   0.000000E+00   1.000000E+00   0.000000E+00   0.000000E+00
        Wrap_pre       10   0.000000E+00   1.000000E+00   0.000000E+00   1.000000E+00   0.000000E+00   5.000000E-01
          Wrap_L       10   0.000000E+00   1.000000E+00   0.000000E+00   1.000000E+00   0.000000E+00   5.000000E-01
          Wrap_L        9   0.000000E+00   1.000000E+00   0.000000E+00   1.000000E+00   0.000000E+00   5.000000E-01
          Wrap_L        8   0.000000E+00   1.000000E+00   0.000000E+00   1.000000E+00   0.000000E+00   5.000000E-01
          Wrap_L        7   0.000000E+00   1.000000E+00   0.000000E+00   1.000000E+00   0.000000E+00   5.000000E-01
          Wrap_L        6   0.000000E+00   1.000000E+00   0.000000E+00   1.000000E+00   0.000000E+00   5.000000E-01
          Wrap_L        5   0.000000E+00   1.000000E+00   0.000000E+00   1.000000E+00   0.000000E+00   5.000000E-01
          Wrap_L        4   0.000000E+00   1.000000E+00   0.000000E+00   1.000000E+00   0.000000E+00   5.000000E-01
          Wrap_L        3   0.000000E+00   1.000000E+00   0.000000E+00   1.000000E+00   0.000000E+00   5.000000E-01
          Wrap_L        2   0.000000E+00   1.000000E+00   0.000000E+00   1.000000E+00   0.000000E+00   5.000000E-01
          Wrap_L        1   0.000000E+00   1.000000E+00   0.000000E+00   1.000000E+00   0.000000E+00   5.000000E-01
          Wrap_L        0   0.000000E+00   1.000000E+00   0.000000E+00   1.000000E+00   0.000000E+00   5.000000E-01
          Wrap_R        0   0.000000E+00   1.000000E+00   0.000000E+00   1.000000E+00   0.000000E+00   5.000000E-01
          Wrap_R        1   0.000000E+00   1.000000E+00   0.000000E+00   1.000000E+00   0.000000E+00   5.000000E-01
          Wrap_R        2   0.000000E+00   1.000000E+00   0.000000E+00   1.000000E+00   0.000000E+00   5.000000E-01
          Wrap_R        3   0.000000E+00   1.000000E+00   0.000000E+00   1.000000E+00   0.000000E+00   5.000000E-01
          Wrap_R        4   0.000000E+00   1.000000E+00   0.000000E+00   1.000000E+00   0.000000E+00   5.000000E-01
          Wrap_R        5   0.000000E+00   1.000000E+00   0.000000E+00   1.000000E+00   0.000000E+00   5.000000E-01
          Wrap_R        6   0.000000E+00   1.000000E+00   0.000000E+00   1.000000E+00   0.000000E+00   5.000000E-01
          Wrap_R        7   0.000000E+00   1.000000E+00   0.000000E+00   1.000000E+00   0.000000E+00   5.000000E-01
          Wrap_R        8   0.000000E+00   1.000000E+00   0.000000E+00   1.000000E+00   0.000000E+00   5.000000E-01
          Wrap_R        9   0.000000E+00   1.000000E+00   0.000000E+00   1.000000E+00   0.000000E+00   5.000000E-01
          Wrap_R       10   0.000000E+00   1.000000E+00   0.000000E+00   1.000000E+00   0.000000E+00   5.000000E-01
        Wrap_pre        0   0.000000E+00   1.000000E+00   0.000000E+00   1.000000E+00   0.000000E+00   0.000000E+00
        Wrap_pre        1   0.000000E+00   1.000000E+00   0.000000E+00   1.000000E+00   0.000000E+00   0.000000E+00
        Wrap_pre        2   0.000000E+00   1.000000E+00   0.000000E+00   1.000000E+00   0.000000E+00   0.000000E+00
        Wrap_pre        3   0.000000E+00   1.000000E+00   0.000000E+00   1.000000E+00   0.000000E+00   0.000000E+00
        Wrap_pre        4   0.000000E+00   1.000000E+00   0.000000E+00   1.000000E+00   0.000000E+00   0.000000E+00
        Wrap_pre        5   0.000000E+00   1.000000E+00   0.000000E+00   1.000000E+00   0.000000E+00   0.000000E+00
        Wrap_pre        6   0.000000E+00   1.000000E+00   0.000000E+00   1.000000E+00   0.000000E+00   0.000000E+00
        Wrap_pre        7   0.000000E+00   1.000000E+00   0.000000E+00   1.000000E+00   0.000000E+00   0.000000E+00
        Wrap_pre        8   0.000000E+00   1.000000E+00   0.000000E+00   1.000000E+00   0.000000E+00   0.000000E+00
        Wrap_pre        9   0.000000E+00   1.000000E+00   0.000000E+00   1.000000E+00   0.000000E+00   0.000000E+00
        Wrap_pre       10   0.000000E+00   1.000000E+00   0.000000E+00   1.000000E+00   0.000000E+00   5.000000E-01
          Wrap_L       10   0.000000E+00   1.000000E+00   0.000000E+00   1.000000E+00   0.000000E+00   5.000000E-01
          Wrap_L        9   0.000000E+00   1.000000E+00   0.000000E+00   1.000000E+00   0.000000E+00   5.000000E-01
          Wrap_L        8   0.000000E+00   1.000000E+00   0.000000E+00   1.000000E+00   0.000000E+00   5.000000E-01
          Wrap_L        7   0.000000E+00   1.000000E+00   0.000000E+00   1.000000E+00   0.000000E+00   5.000000E-01
          Wrap_L        6   0.000000E+00   1.000000E+00   0.000000E+00   1.000000E+00   0.000000E+00   5.000000E-01
          Wrap_L        5   0.000000E+00   1.000000E+00   0.000000E+00   1.000000E+00   0.000000E+00   5.000000E-01
          Wrap_L        4   0.000000E+00   1.000000E+00   0.000000E+00   1.000000E+00   0.000000E+00   5.000000E-01
          Wrap_L        3   0.000000E+00   1.000000E+00   0.000000E+00   1.000000E+00   0.000000E+00   5.000000E-01
          Wrap_L        2   0.000000E+00   1.000000E+00   0.000000E+00   1.000000E+00   0.000000E+00   5.000000E-01
          Wrap_L        1   0.000000E+00   1.000000E+00   0.000000E+00   1.000000E+00   0.000000E+00   5.000000E-01
          Wrap_L        0   0.000000E+00   1.000000E+00   0.000000E+00   1.000000E+00   0.000000E+00   5.000000E-01
          Wrap_R        0   0.000000E+00   1.000000E+00   0.000000E+00   1.000000E+00   0.000000E+00   5.000000E-01
          Wrap_R        1   0.000000E+00   1.000000E+00   0.000000E+00   1.000000E+00   0.000000E+00   5.000000E-01
          Wrap_R        2   0.000000E+00   1.000000E+00   0.000000E+00   1.000000E+00   0.000000E+00   5.000000E-01
          Wrap_R        3   0.000000E+00   1.000000E+00   0.000000E+00   1.000000E+00   0.000000E+00   5.000000E-01
          Wrap_R        4   0.000000E+00   1.000000E+00   0.000000E+00   1.000000E+00   0.000000E+00   5.000000E-01
          Wrap_R        5   0.000000E+00   1.000000E+00   0.000000E+00   1.000000E+00   0.000000E+00   5.000000E-01
          Wrap_R        6   0.000000E+00   1.000000E+00   0.000000E+00   1.000000E+00   0.000000E+00   5.000000E-01
          Wrap_R        7   0.000000E+00   1.000000E+00   0.000000E+00   1.000000E+00   0.000000E+00   5.000000E-01
          Wrap_R        8   0.000000E+00   1.000000E+00   0.000000E+00   1.000000E+00   0.000000E+00   5.000000E-01
          Wrap_R        9   0.000000E+00   1.000000E+00   0.000000E+00   1.000000E+00   0.000000E+00   5.000000E-01
          Wrap_R       10   0.000000E+00   1.000000E+00   0.000000E+00   1.000000E+00   0.000000E+00   5.000000E-01
