Wrap_R_before_stabUR        1   0.000000E+00   1.000000E+00
 Wrap_R_after_stabUR        1   0.000000E+00   1.000000E+00
Wrap_R_after_stabGre        1   0.000000E+00   5.000000E-01
Wrap_R_before_stabUR        2   0.000000E+00   1.000000E+00
 Wrap_R_after_stabUR        2   0.000000E+00   1.000000E+00
Wrap_R_after_stabGre        2   0.000000E+00   5.000000E-01
Wrap_R_before_stabUR        3   0.000000E+00   1.000000E+00
 Wrap_R_after_stabUR        3   0.000000E+00   1.000000E+00
Wrap_R_after_stabGre        3   0.000000E+00   5.000000E-01
Wrap_R_before_stabUR        4   0.000000E+00   1.000000E+00
 Wrap_R_after_stabUR        4   0.000000E+00   1.000000E+00
Wrap_R_after_stabGre        4   0.000000E+00   5.000000E-01
Wrap_R_before_stabUR        5   0.000000E+00   1.000000E+00
 Wrap_R_after_stabUR        5   0.000000E+00   1.000000E+00
Wrap_R_after_stabGre        5   0.000000E+00   5.000000E-01
Wrap_R_before_stabUR        6   0.000000E+00   1.000000E+00
 Wrap_R_after_stabUR        6   0.000000E+00   1.000000E+00
Wrap_R_after_stabGre        6   0.000000E+00   5.000000E-01
Wrap_R_before_stabUR        7   0.000000E+00   1.000000E+00
 Wrap_R_after_stabUR        7   0.000000E+00   1.000000E+00
Wrap_R_after_stabGre        7   0.000000E+00   5.000000E-01
Wrap_R_before_stabUR        8   0.000000E+00   1.000000E+00
 Wrap_R_after_stabUR        8   0.000000E+00   1.000000E+00
Wrap_R_after_stabGre        8   0.000000E+00   5.000000E-01
Wrap_R_before_stabUR        9   0.000000E+00   1.000000E+00
 Wrap_R_after_stabUR        9   0.000000E+00   1.000000E+00
Wrap_R_after_stabGre        9   0.000000E+00   5.000000E-01
Wrap_R_before_stabUR       10   0.000000E+00   1.000000E+00
 Wrap_R_after_stabUR       10   0.000000E+00   1.000000E+00
Wrap_R_after_stabGre       10   0.000000E+00   5.000000E-01
Wrap_R_before_stabUR        1   0.000000E+00   1.000000E+00
 Wrap_R_after_stabUR        1   0.000000E+00   1.000000E+00
Wrap_R_after_stabGre        1   0.000000E+00   5.000000E-01
Wrap_R_before_stabUR        2   0.000000E+00   1.000000E+00
 Wrap_R_after_stabUR        2   0.000000E+00   1.000000E+00
Wrap_R_after_stabGre        2   0.000000E+00   5.000000E-01
Wrap_R_before_stabUR        3   0.000000E+00   1.000000E+00
 Wrap_R_after_stabUR        3   0.000000E+00   1.000000E+00
Wrap_R_after_stabGre        3   0.000000E+00   5.000000E-01
Wrap_R_before_stabUR        4   0.000000E+00   1.000000E+00
 Wrap_R_after_stabUR        4   0.000000E+00   1.000000E+00
Wrap_R_after_stabGre        4   0.000000E+00   5.000000E-01
Wrap_R_before_stabUR        5   0.000000E+00   1.000000E+00
 Wrap_R_after_stabUR        5   0.000000E+00   1.000000E+00
Wrap_R_after_stabGre        5   0.000000E+00   5.000000E-01
Wrap_R_before_stabUR        6   0.000000E+00   1.000000E+00
 Wrap_R_after_stabUR        6   0.000000E+00   1.000000E+00
Wrap_R_after_stabGre        6   0.000000E+00   5.000000E-01
Wrap_R_before_stabUR        7   0.000000E+00   1.000000E+00
 Wrap_R_after_stabUR        7   0.000000E+00   1.000000E+00
Wrap_R_after_stabGre        7   0.000000E+00   5.000000E-01
Wrap_R_before_stabUR        8   0.000000E+00   1.000000E+00
 Wrap_R_after_stabUR        8   0.000000E+00   1.000000E+00
Wrap_R_after_stabGre        8   0.000000E+00   5.000000E-01
Wrap_R_before_stabUR        9   0.000000E+00   1.000000E+00
 Wrap_R_after_stabUR        9   0.000000E+00   1.000000E+00
Wrap_R_after_stabGre        9   0.000000E+00   5.000000E-01
Wrap_R_before_stabUR       10   0.000000E+00   1.000000E+00
 Wrap_R_after_stabUR       10   0.000000E+00   1.000000E+00
Wrap_R_after_stabGre       10   0.000000E+00   5.000000E-01
